Archive member included because of file (symbol)

c:/winavr-20100110/bin/../lib/gcc/avr/4.3.3/avr5\libgcc.a(_mulsi3.o)
                              ./Autonomous_Car/MCAL/PWM/PWM.o (__mulsi3)
c:/winavr-20100110/bin/../lib/gcc/avr/4.3.3/avr5\libgcc.a(_udivmodhi4.o)
                              ./Autonomous_Car/HAL/ULTRA_SONIC/Ultrasonic.o (__udivmodhi4)
c:/winavr-20100110/bin/../lib/gcc/avr/4.3.3/avr5\libgcc.a(_divmodhi4.o)
                              ./Autonomous_Car/MCAL/TIMER/Timer.o (__divmodhi4)
c:/winavr-20100110/bin/../lib/gcc/avr/4.3.3/avr5\libgcc.a(_udivmodsi4.o)
                              ./Autonomous_Car/MCAL/TIMER/Timer.o (__udivmodsi4)
c:/winavr-20100110/bin/../lib/gcc/avr/4.3.3/avr5\libgcc.a(_divmodsi4.o)
                              ./Autonomous_Car/HAL/LCD/LCD.o (__divmodsi4)
c:/winavr-20100110/bin/../lib/gcc/avr/4.3.3/avr5\libgcc.a(_exit.o)
                              c:/winavr-20100110/bin/../lib/gcc/avr/4.3.3/../../../../avr/lib/avr5/crtm32.o (exit)
c:/winavr-20100110/bin/../lib/gcc/avr/4.3.3/avr5\libgcc.a(_copy_data.o)
                              ./Autonomous_Car/MCAL/TIMER/Timer.o (__do_copy_data)
c:/winavr-20100110/bin/../lib/gcc/avr/4.3.3/avr5\libgcc.a(_clear_bss.o)
                              ./Autonomous_Car/MCAL/TIMER/Timer.o (__do_clear_bss)
c:/winavr-20100110/bin/../lib/gcc/avr/4.3.3/avr5\libgcc.a(_fixunssfsi.o)
                              ./Autonomous_Car/MCAL/TIMER/Timer.o (__fixunssfsi)
c:/winavr-20100110/bin/../lib/gcc/avr/4.3.3/avr5\libgcc.a(_addsub_sf.o)
                              c:/winavr-20100110/bin/../lib/gcc/avr/4.3.3/avr5\libgcc.a(_fixunssfsi.o) (__subsf3)
c:/winavr-20100110/bin/../lib/gcc/avr/4.3.3/avr5\libgcc.a(_mul_sf.o)
                              ./Autonomous_Car/HAL/ULTRA_SONIC/Ultrasonic.o (__mulsf3)
c:/winavr-20100110/bin/../lib/gcc/avr/4.3.3/avr5\libgcc.a(_div_sf.o)
                              ./Autonomous_Car/MCAL/TIMER/Timer.o (__divsf3)
c:/winavr-20100110/bin/../lib/gcc/avr/4.3.3/avr5\libgcc.a(_gt_sf.o)
                              ./Autonomous_Car/HAL/ULTRA_SONIC/Ultrasonic.o (__gtsf2)
c:/winavr-20100110/bin/../lib/gcc/avr/4.3.3/avr5\libgcc.a(_ge_sf.o)
                              c:/winavr-20100110/bin/../lib/gcc/avr/4.3.3/avr5\libgcc.a(_fixunssfsi.o) (__gesf2)
c:/winavr-20100110/bin/../lib/gcc/avr/4.3.3/avr5\libgcc.a(_lt_sf.o)
                              ./Autonomous_Car/HAL/ULTRA_SONIC/Ultrasonic.o (__ltsf2)
c:/winavr-20100110/bin/../lib/gcc/avr/4.3.3/avr5\libgcc.a(_sf_to_si.o)
                              c:/winavr-20100110/bin/../lib/gcc/avr/4.3.3/avr5\libgcc.a(_fixunssfsi.o) (__fixsfsi)
c:/winavr-20100110/bin/../lib/gcc/avr/4.3.3/avr5\libgcc.a(_thenan_sf.o)
                              c:/winavr-20100110/bin/../lib/gcc/avr/4.3.3/avr5\libgcc.a(_addsub_sf.o) (__thenan_sf)
c:/winavr-20100110/bin/../lib/gcc/avr/4.3.3/avr5\libgcc.a(_usi_to_sf.o)
                              ./Autonomous_Car/MCAL/TIMER/Timer.o (__floatunsisf)
c:/winavr-20100110/bin/../lib/gcc/avr/4.3.3/avr5\libgcc.a(_prologue.o)
                              c:/winavr-20100110/bin/../lib/gcc/avr/4.3.3/avr5\libgcc.a(_addsub_sf.o) (__prologue_saves__)
c:/winavr-20100110/bin/../lib/gcc/avr/4.3.3/avr5\libgcc.a(_epilogue.o)
                              c:/winavr-20100110/bin/../lib/gcc/avr/4.3.3/avr5\libgcc.a(_addsub_sf.o) (__epilogue_restores__)
c:/winavr-20100110/bin/../lib/gcc/avr/4.3.3/avr5\libgcc.a(_clzsi2.o)
                              c:/winavr-20100110/bin/../lib/gcc/avr/4.3.3/avr5\libgcc.a(_usi_to_sf.o) (__clzsi2)
c:/winavr-20100110/bin/../lib/gcc/avr/4.3.3/avr5\libgcc.a(_pack_sf.o)
                              c:/winavr-20100110/bin/../lib/gcc/avr/4.3.3/avr5\libgcc.a(_addsub_sf.o) (__pack_f)
c:/winavr-20100110/bin/../lib/gcc/avr/4.3.3/avr5\libgcc.a(_unpack_sf.o)
                              c:/winavr-20100110/bin/../lib/gcc/avr/4.3.3/avr5\libgcc.a(_addsub_sf.o) (__unpack_f)
c:/winavr-20100110/bin/../lib/gcc/avr/4.3.3/avr5\libgcc.a(_fpcmp_parts_sf.o)
                              c:/winavr-20100110/bin/../lib/gcc/avr/4.3.3/avr5\libgcc.a(_gt_sf.o) (__fpcmp_parts_f)
c:/winavr-20100110/bin/../lib/gcc/avr/4.3.3/avr5\libgcc.a(_clz.o)
                              c:/winavr-20100110/bin/../lib/gcc/avr/4.3.3/avr5\libgcc.a(_clzsi2.o) (__clz_tab)

Allocating common symbols
Common symbol       size              file

flag                0x1               ./Autonomous_Car/MCAL/TIMER/Timer.o

Memory Configuration

Name             Origin             Length             Attributes
text             0x00000000         0x00020000         xr
data             0x00800060         0x0000ffa0         rw !x
eeprom           0x00810000         0x00010000         rw !x
fuse             0x00820000         0x00000400         rw !x
lock             0x00830000         0x00000400         rw !x
signature        0x00840000         0x00000400         rw !x
*default*        0x00000000         0xffffffff

Linker script and memory map

LOAD c:/winavr-20100110/bin/../lib/gcc/avr/4.3.3/../../../../avr/lib/avr5/crtm32.o
LOAD ./Autonomous_Car/MCAL/TIMER/Timer.o
LOAD ./Autonomous_Car/MCAL/PWM/PWM.o
LOAD ./Autonomous_Car/MCAL/EXTI/EXTI.o
LOAD ./Autonomous_Car/MCAL/DIO/DIO.o
LOAD ./Autonomous_Car/HAL/ULTRA_SONIC/Ultrasonic.o
LOAD ./Autonomous_Car/HAL/MOTOR/MOTOR.o
LOAD ./Autonomous_Car/HAL/LCD/LCD.o
LOAD ./Autonomous_Car/APP/MotorlControl/MotorControl.o
LOAD ./Autonomous_Car/APP/Monitoring/Monitoring.o
LOAD ./Autonomous_Car/APP/APP.o
LOAD ./Autonomous_Car/main.o
LOAD c:/winavr-20100110/bin/../lib/gcc/avr/4.3.3/avr5\libgcc.a
LOAD c:/winavr-20100110/bin/../lib/gcc/avr/4.3.3/../../../../avr/lib/avr5\libc.a
LOAD c:/winavr-20100110/bin/../lib/gcc/avr/4.3.3/avr5\libgcc.a

.hash
 *(.hash)

.dynsym
 *(.dynsym)

.dynstr
 *(.dynstr)

.gnu.version
 *(.gnu.version)

.gnu.version_d
 *(.gnu.version_d)

.gnu.version_r
 *(.gnu.version_r)

.rel.init
 *(.rel.init)

.rela.init
 *(.rela.init)

.rel.text
 *(.rel.text)
 *(.rel.text.*)
 *(.rel.gnu.linkonce.t*)

.rela.text
 *(.rela.text)
 *(.rela.text.*)
 *(.rela.gnu.linkonce.t*)

.rel.fini
 *(.rel.fini)

.rela.fini
 *(.rela.fini)

.rel.rodata
 *(.rel.rodata)
 *(.rel.rodata.*)
 *(.rel.gnu.linkonce.r*)

.rela.rodata
 *(.rela.rodata)
 *(.rela.rodata.*)
 *(.rela.gnu.linkonce.r*)

.rel.data
 *(.rel.data)
 *(.rel.data.*)
 *(.rel.gnu.linkonce.d*)

.rela.data
 *(.rela.data)
 *(.rela.data.*)
 *(.rela.gnu.linkonce.d*)

.rel.ctors
 *(.rel.ctors)

.rela.ctors
 *(.rela.ctors)

.rel.dtors
 *(.rel.dtors)

.rela.dtors
 *(.rela.dtors)

.rel.got
 *(.rel.got)

.rela.got
 *(.rela.got)

.rel.bss
 *(.rel.bss)

.rela.bss
 *(.rela.bss)

.rel.plt
 *(.rel.plt)

.rela.plt
 *(.rela.plt)

.text           0x00000000     0x4782
 *(.vectors)
 .vectors       0x00000000       0x54 c:/winavr-20100110/bin/../lib/gcc/avr/4.3.3/../../../../avr/lib/avr5/crtm32.o
                0x00000000                __vectors
                0x00000000                __vector_default
 *(.vectors)
 *(.progmem.gcc*)
 *(.progmem*)
                0x00000054                . = ALIGN (0x2)
                0x00000054                __trampolines_start = .
 *(.trampolines)
 .trampolines   0x00000054        0x0 linker stubs
 *(.trampolines*)
                0x00000054                __trampolines_end = .
 *(.jumptables)
 *(.jumptables*)
 *(.lowtext)
 *(.lowtext*)
                0x00000054                __ctors_start = .
 *(.ctors)
                0x00000054                __ctors_end = .
                0x00000054                __dtors_start = .
 *(.dtors)
                0x00000054                __dtors_end = .
 SORT(*)(.ctors)
 SORT(*)(.dtors)
 *(.init0)
 .init0         0x00000054        0x0 c:/winavr-20100110/bin/../lib/gcc/avr/4.3.3/../../../../avr/lib/avr5/crtm32.o
                0x00000054                __init
 *(.init0)
 *(.init1)
 *(.init1)
 *(.init2)
 .init2         0x00000054        0xc c:/winavr-20100110/bin/../lib/gcc/avr/4.3.3/../../../../avr/lib/avr5/crtm32.o
 *(.init2)
 *(.init3)
 *(.init3)
 *(.init4)
 .init4         0x00000060       0x16 c:/winavr-20100110/bin/../lib/gcc/avr/4.3.3/avr5\libgcc.a(_copy_data.o)
                0x00000060                __do_copy_data
 .init4         0x00000076       0x10 c:/winavr-20100110/bin/../lib/gcc/avr/4.3.3/avr5\libgcc.a(_clear_bss.o)
                0x00000076                __do_clear_bss
 *(.init4)
 *(.init5)
 *(.init5)
 *(.init6)
 *(.init6)
 *(.init7)
 *(.init7)
 *(.init8)
 *(.init8)
 *(.init9)
 .init9         0x00000086        0x8 c:/winavr-20100110/bin/../lib/gcc/avr/4.3.3/../../../../avr/lib/avr5/crtm32.o
 *(.init9)
 *(.text)
 .text          0x0000008e        0x4 c:/winavr-20100110/bin/../lib/gcc/avr/4.3.3/../../../../avr/lib/avr5/crtm32.o
                0x0000008e                __vector_12
                0x0000008e                __bad_interrupt
                0x0000008e                __vector_13
                0x0000008e                __vector_17
                0x0000008e                __vector_19
                0x0000008e                __vector_4
                0x0000008e                __vector_15
                0x0000008e                __vector_14
                0x0000008e                __vector_10
                0x0000008e                __vector_16
                0x0000008e                __vector_18
                0x0000008e                __vector_20
 .text          0x00000092        0x0 ./Autonomous_Car/MCAL/TIMER/Timer.o
 .text          0x00000092        0x0 ./Autonomous_Car/MCAL/PWM/PWM.o
 .text          0x00000092        0x0 ./Autonomous_Car/MCAL/EXTI/EXTI.o
 .text          0x00000092        0x0 ./Autonomous_Car/MCAL/DIO/DIO.o
 .text          0x00000092        0x0 ./Autonomous_Car/HAL/ULTRA_SONIC/Ultrasonic.o
 .text          0x00000092        0x0 ./Autonomous_Car/HAL/MOTOR/MOTOR.o
 .text          0x00000092        0x0 ./Autonomous_Car/HAL/LCD/LCD.o
 .text          0x00000092        0x0 ./Autonomous_Car/APP/MotorlControl/MotorControl.o
 .text          0x00000092        0x0 ./Autonomous_Car/APP/Monitoring/Monitoring.o
 .text          0x00000092        0x0 ./Autonomous_Car/APP/APP.o
 .text          0x00000092        0x0 ./Autonomous_Car/main.o
 .text          0x00000092        0x0 c:/winavr-20100110/bin/../lib/gcc/avr/4.3.3/avr5\libgcc.a(_mulsi3.o)
 .text          0x00000092        0x0 c:/winavr-20100110/bin/../lib/gcc/avr/4.3.3/avr5\libgcc.a(_udivmodhi4.o)
 .text          0x00000092        0x0 c:/winavr-20100110/bin/../lib/gcc/avr/4.3.3/avr5\libgcc.a(_divmodhi4.o)
 .text          0x00000092        0x0 c:/winavr-20100110/bin/../lib/gcc/avr/4.3.3/avr5\libgcc.a(_udivmodsi4.o)
 .text          0x00000092        0x0 c:/winavr-20100110/bin/../lib/gcc/avr/4.3.3/avr5\libgcc.a(_divmodsi4.o)
 .text          0x00000092        0x0 c:/winavr-20100110/bin/../lib/gcc/avr/4.3.3/avr5\libgcc.a(_exit.o)
 .text          0x00000092        0x0 c:/winavr-20100110/bin/../lib/gcc/avr/4.3.3/avr5\libgcc.a(_copy_data.o)
 .text          0x00000092        0x0 c:/winavr-20100110/bin/../lib/gcc/avr/4.3.3/avr5\libgcc.a(_clear_bss.o)
 .text          0x00000092       0x58 c:/winavr-20100110/bin/../lib/gcc/avr/4.3.3/avr5\libgcc.a(_fixunssfsi.o)
                0x00000092                __fixunssfsi
 .text          0x000000ea      0x354 c:/winavr-20100110/bin/../lib/gcc/avr/4.3.3/avr5\libgcc.a(_addsub_sf.o)
                0x00000382                __subsf3
                0x000003e4                __addsf3
 .text          0x0000043e      0x1f4 c:/winavr-20100110/bin/../lib/gcc/avr/4.3.3/avr5\libgcc.a(_mul_sf.o)
                0x0000043e                __mulsf3
 .text          0x00000632      0x158 c:/winavr-20100110/bin/../lib/gcc/avr/4.3.3/avr5\libgcc.a(_div_sf.o)
                0x00000632                __divsf3
 .text          0x0000078a       0x60 c:/winavr-20100110/bin/../lib/gcc/avr/4.3.3/avr5\libgcc.a(_gt_sf.o)
                0x0000078a                __gtsf2
 .text          0x000007ea       0x60 c:/winavr-20100110/bin/../lib/gcc/avr/4.3.3/avr5\libgcc.a(_ge_sf.o)
                0x000007ea                __gesf2
 .text          0x0000084a       0x60 c:/winavr-20100110/bin/../lib/gcc/avr/4.3.3/avr5\libgcc.a(_lt_sf.o)
                0x0000084a                __ltsf2
 .text          0x000008aa       0xa8 c:/winavr-20100110/bin/../lib/gcc/avr/4.3.3/avr5\libgcc.a(_sf_to_si.o)
                0x000008aa                __fixsfsi
 .text          0x00000952        0x0 c:/winavr-20100110/bin/../lib/gcc/avr/4.3.3/avr5\libgcc.a(_thenan_sf.o)
 .text          0x00000952       0xf2 c:/winavr-20100110/bin/../lib/gcc/avr/4.3.3/avr5\libgcc.a(_usi_to_sf.o)
                0x00000952                __floatunsisf
 .text          0x00000a44        0x0 c:/winavr-20100110/bin/../lib/gcc/avr/4.3.3/avr5\libgcc.a(_prologue.o)
 .text          0x00000a44        0x0 c:/winavr-20100110/bin/../lib/gcc/avr/4.3.3/avr5\libgcc.a(_epilogue.o)
 .text          0x00000a44       0x9e c:/winavr-20100110/bin/../lib/gcc/avr/4.3.3/avr5\libgcc.a(_clzsi2.o)
                0x00000a44                __clzsi2
 .text          0x00000ae2      0x1aa c:/winavr-20100110/bin/../lib/gcc/avr/4.3.3/avr5\libgcc.a(_pack_sf.o)
                0x00000ae2                __pack_f
 .text          0x00000c8c       0xf0 c:/winavr-20100110/bin/../lib/gcc/avr/4.3.3/avr5\libgcc.a(_unpack_sf.o)
                0x00000c8c                __unpack_f
 .text          0x00000d7c       0xb2 c:/winavr-20100110/bin/../lib/gcc/avr/4.3.3/avr5\libgcc.a(_fpcmp_parts_sf.o)
                0x00000d7c                __fpcmp_parts_f
 .text          0x00000e2e        0x0 c:/winavr-20100110/bin/../lib/gcc/avr/4.3.3/avr5\libgcc.a(_clz.o)
                0x00000e2e                . = ALIGN (0x2)
 *(.text.*)
 .text.Timer0_Init
                0x00000e2e      0x1ce ./Autonomous_Car/MCAL/TIMER/Timer.o
                0x00000e2e                Timer0_Init
 .text.TIMER0_voidPhaseCorrect
                0x00000ffc       0x78 ./Autonomous_Car/MCAL/TIMER/Timer.o
                0x00000ffc                TIMER0_voidPhaseCorrect
 .text.TIMER0_voidFastPWM
                0x00001074       0x62 ./Autonomous_Car/MCAL/TIMER/Timer.o
                0x00001074                TIMER0_voidFastPWM
 .text.Timer0_OV_InterruptEnable
                0x000010d6       0x2a ./Autonomous_Car/MCAL/TIMER/Timer.o
                0x000010d6                Timer0_OV_InterruptEnable
 .text.Timer0_OV_InterruptDisable
                0x00001100       0x1c ./Autonomous_Car/MCAL/TIMER/Timer.o
                0x00001100                Timer0_OV_InterruptDisable
 .text.Timer0_OC_InterruptEnable
                0x0000111c       0x1c ./Autonomous_Car/MCAL/TIMER/Timer.o
                0x0000111c                Timer0_OC_InterruptEnable
 .text.Timer0_OC_InterruptDisable
                0x00001138       0x1c ./Autonomous_Car/MCAL/TIMER/Timer.o
                0x00001138                Timer0_OC_InterruptDisable
 .text.Get_State
                0x00001154       0x12 ./Autonomous_Car/MCAL/TIMER/Timer.o
                0x00001154                Get_State
 .text.Timer0_SetCallBack
                0x00001166       0x24 ./Autonomous_Car/MCAL/TIMER/Timer.o
                0x00001166                Timer0_SetCallBack
 .text.Timer0_delayUs
                0x0000118a      0x140 ./Autonomous_Car/MCAL/TIMER/Timer.o
                0x0000118a                Timer0_delayUs
 .text.__vector_11
                0x000012ca       0xfa ./Autonomous_Car/MCAL/TIMER/Timer.o
                0x000012ca                __vector_11
 .text.Timer1_Init
                0x000013c4      0x334 ./Autonomous_Car/MCAL/TIMER/Timer.o
                0x000013c4                Timer1_Init
 .text.Timer1_InputCaptureEdge
                0x000016f8       0x3e ./Autonomous_Car/MCAL/TIMER/Timer.o
                0x000016f8                Timer1_InputCaptureEdge
 .text.Timer1_ICU_InterruptEnable
                0x00001736       0x2a ./Autonomous_Car/MCAL/TIMER/Timer.o
                0x00001736                Timer1_ICU_InterruptEnable
 .text.Timer1_ICU_InterruptDisable
                0x00001760       0x1c ./Autonomous_Car/MCAL/TIMER/Timer.o
                0x00001760                Timer1_ICU_InterruptDisable
 .text.Timer1_OVF_InterruptEnable
                0x0000177c       0x2a ./Autonomous_Car/MCAL/TIMER/Timer.o
                0x0000177c                Timer1_OVF_InterruptEnable
 .text.Timer1_OVF_InterruptDisable
                0x000017a6       0x1c ./Autonomous_Car/MCAL/TIMER/Timer.o
                0x000017a6                Timer1_OVF_InterruptDisable
 .text.Timer1_OCA_InterruptEnable
                0x000017c2       0x2a ./Autonomous_Car/MCAL/TIMER/Timer.o
                0x000017c2                Timer1_OCA_InterruptEnable
 .text.Timer1_OCA_InterruptDisable
                0x000017ec       0x1c ./Autonomous_Car/MCAL/TIMER/Timer.o
                0x000017ec                Timer1_OCA_InterruptDisable
 .text.Timer1_OCB_InterruptEnable
                0x00001808       0x2a ./Autonomous_Car/MCAL/TIMER/Timer.o
                0x00001808                Timer1_OCB_InterruptEnable
 .text.Timer1_OCB_InterruptDisable
                0x00001832       0x1c ./Autonomous_Car/MCAL/TIMER/Timer.o
                0x00001832                Timer1_OCB_InterruptDisable
 .text.Timer1_OVF_SetCallBack
                0x0000184e       0x24 ./Autonomous_Car/MCAL/TIMER/Timer.o
                0x0000184e                Timer1_OVF_SetCallBack
 .text.Timer1_OCA_SetCallBack
                0x00001872       0x24 ./Autonomous_Car/MCAL/TIMER/Timer.o
                0x00001872                Timer1_OCA_SetCallBack
 .text.Timer1_OCB_SetCallBack
                0x00001896       0x24 ./Autonomous_Car/MCAL/TIMER/Timer.o
                0x00001896                Timer1_OCB_SetCallBack
 .text.Timer1_ICU_SetCallBack
                0x000018ba       0x24 ./Autonomous_Car/MCAL/TIMER/Timer.o
                0x000018ba                Timer1_ICU_SetCallBack
 .text.__vector_9
                0x000018de       0x66 ./Autonomous_Car/MCAL/TIMER/Timer.o
                0x000018de                __vector_9
 .text.__vector_7
                0x00001944       0x66 ./Autonomous_Car/MCAL/TIMER/Timer.o
                0x00001944                __vector_7
 .text.__vector_8
                0x000019aa       0x66 ./Autonomous_Car/MCAL/TIMER/Timer.o
                0x000019aa                __vector_8
 .text.__vector_6
                0x00001a10       0x66 ./Autonomous_Car/MCAL/TIMER/Timer.o
                0x00001a10                __vector_6
 .text.Timer2_init
                0x00001a76       0xfe ./Autonomous_Car/MCAL/TIMER/Timer.o
                0x00001a76                Timer2_init
 .text.Timer2_GetCount
                0x00001b74       0x14 ./Autonomous_Car/MCAL/TIMER/Timer.o
                0x00001b74                Timer2_GetCount
 .text.Timer2_OV_InterruptEnable
                0x00001b88       0x2a ./Autonomous_Car/MCAL/TIMER/Timer.o
                0x00001b88                Timer2_OV_InterruptEnable
 .text.Timer2_OV_InterruptDisable
                0x00001bb2       0x1c ./Autonomous_Car/MCAL/TIMER/Timer.o
                0x00001bb2                Timer2_OV_InterruptDisable
 .text.Timer2_OVF_SetCallBack
                0x00001bce       0x24 ./Autonomous_Car/MCAL/TIMER/Timer.o
                0x00001bce                Timer2_OVF_SetCallBack
 .text.__vector_5
                0x00001bf2       0x66 ./Autonomous_Car/MCAL/TIMER/Timer.o
                0x00001bf2                __vector_5
 .text.PWM_ENInitPhaseCorrect
                0x00001c58       0xa4 ./Autonomous_Car/MCAL/PWM/PWM.o
                0x00001c58                PWM_ENInitPhaseCorrect
 .text.PWM_ENDutyCycle
                0x00001cfc       0xa8 ./Autonomous_Car/MCAL/PWM/PWM.o
                0x00001cfc                PWM_ENDutyCycle
 .text.EXTI_ENEnable
                0x00001da4       0xa4 ./Autonomous_Car/MCAL/EXTI/EXTI.o
                0x00001da4                EXTI_ENEnable
 .text.EXTI_ENDisable
                0x00001e48       0xa4 ./Autonomous_Car/MCAL/EXTI/EXTI.o
                0x00001e48                EXTI_ENDisable
 .text.EXTI_ENTriggerEdge
                0x00001eec      0x17e ./Autonomous_Car/MCAL/EXTI/EXTI.o
                0x00001eec                EXTI_ENTriggerEdge
 .text.EXTI_SetCallBack
                0x0000206a       0x7e ./Autonomous_Car/MCAL/EXTI/EXTI.o
                0x0000206a                EXTI_SetCallBack
 .text.__vector_1
                0x000020e8       0x66 ./Autonomous_Car/MCAL/EXTI/EXTI.o
                0x000020e8                __vector_1
 .text.__vector_2
                0x0000214e       0x66 ./Autonomous_Car/MCAL/EXTI/EXTI.o
                0x0000214e                __vector_2
 .text.__vector_3
                0x000021b4       0x66 ./Autonomous_Car/MCAL/EXTI/EXTI.o
                0x000021b4                __vector_3
 .text.DIO_voidSetPinValue
                0x0000221a      0x20e ./Autonomous_Car/MCAL/DIO/DIO.o
                0x0000221a                DIO_voidSetPinValue
 .text.DIO_voidSetPinDirection
                0x00002428      0x20e ./Autonomous_Car/MCAL/DIO/DIO.o
                0x00002428                DIO_voidSetPinDirection
 .text.DIO_u8GetPinValue
                0x00002636       0xf2 ./Autonomous_Car/MCAL/DIO/DIO.o
                0x00002636                DIO_u8GetPinValue
 .text.DIO_voidTogPin
                0x00002728      0x108 ./Autonomous_Car/MCAL/DIO/DIO.o
                0x00002728                DIO_voidTogPin
 .text.DIO_voidSetPortValue
                0x00002830       0x90 ./Autonomous_Car/MCAL/DIO/DIO.o
                0x00002830                DIO_voidSetPortValue
 .text.DIO_voidSetPortDirection
                0x000028c0       0x90 ./Autonomous_Car/MCAL/DIO/DIO.o
                0x000028c0                DIO_voidSetPortDirection
 .text.DIO_voidInpullUp
                0x00002950      0x1a6 ./Autonomous_Car/MCAL/DIO/DIO.o
                0x00002950                DIO_voidInpullUp
 .text.Exti_ultra
                0x00002af6       0xa0 ./Autonomous_Car/HAL/ULTRA_SONIC/Ultrasonic.o
                0x00002af6                Exti_ultra
 .text.Ultra_voidtimee
                0x00002b96       0x34 ./Autonomous_Car/HAL/ULTRA_SONIC/Ultrasonic.o
                0x00002b96                Ultra_voidtimee
 .text.Ultrasonic_init
                0x00002bca       0x5a ./Autonomous_Car/HAL/ULTRA_SONIC/Ultrasonic.o
                0x00002bca                Ultrasonic_init
 .text.Ultrasonic_u16GetDistance
                0x00002c24      0x36e ./Autonomous_Car/HAL/ULTRA_SONIC/Ultrasonic.o
                0x00002c24                Ultrasonic_u16GetDistance
 .text.MOTOR_voidInit
                0x00002f92       0x7c ./Autonomous_Car/HAL/MOTOR/MOTOR.o
                0x00002f92                MOTOR_voidInit
 .text.MOTOR_voidRotateClkWise
                0x0000300e       0x98 ./Autonomous_Car/HAL/MOTOR/MOTOR.o
                0x0000300e                MOTOR_voidRotateClkWise
 .text.MOTOR_voidRotateAntiClkWise
                0x000030a6       0x98 ./Autonomous_Car/HAL/MOTOR/MOTOR.o
                0x000030a6                MOTOR_voidRotateAntiClkWise
 .text.MOTOR_voidStop
                0x0000313e       0x40 ./Autonomous_Car/HAL/MOTOR/MOTOR.o
                0x0000313e                MOTOR_voidStop
 .text.LCD_voidInit
                0x0000317e       0xac ./Autonomous_Car/HAL/LCD/LCD.o
                0x0000317e                LCD_voidInit
 .text.LCD_voidSendCommand
                0x0000322a      0x842 ./Autonomous_Car/HAL/LCD/LCD.o
                0x0000322a                LCD_voidSendCommand
 .text.LCD_voidWriteChar
                0x00003a6c      0x5f0 ./Autonomous_Car/HAL/LCD/LCD.o
                0x00003a6c                LCD_voidWriteChar
 .text.LCD_voidWriteString
                0x0000405c       0x52 ./Autonomous_Car/HAL/LCD/LCD.o
                0x0000405c                LCD_voidWriteString
 .text.LCD_voidPrintUnsignedInteger
                0x000040ae      0x18e ./Autonomous_Car/HAL/LCD/LCD.o
                0x000040ae                LCD_voidPrintUnsignedInteger
 .text.LCD_voidPrintSignedInteger
                0x0000423c      0x118 ./Autonomous_Car/HAL/LCD/LCD.o
                0x0000423c                LCD_voidPrintSignedInteger
 .text.LCD_voidGoto
                0x00004354       0x5a ./Autonomous_Car/HAL/LCD/LCD.o
                0x00004354                LCD_voidGoto
 .text.LCD_voidCLRDisplay
                0x000043ae       0x14 ./Autonomous_Car/HAL/LCD/LCD.o
                0x000043ae                LCD_voidCLRDisplay
 .text.MOTOR_mainFunction
                0x000043c2       0x82 ./Autonomous_Car/APP/MotorlControl/MotorControl.o
                0x000043c2                MOTOR_mainFunction
 .text.Sensor_mainFunction
                0x00004444       0x16 ./Autonomous_Car/APP/Monitoring/Monitoring.o
                0x00004444                Sensor_mainFunction
 .text.Update_State
                0x0000445a      0x140 ./Autonomous_Car/APP/APP.o
                0x0000445a                Update_State
 .text.APP_Init
                0x0000459a       0x5a ./Autonomous_Car/APP/APP.o
                0x0000459a                APP_Init
 .text.main     0x000045f4       0x16 ./Autonomous_Car/main.o
                0x000045f4                main
 .text.libgcc   0x0000460a       0x3e c:/winavr-20100110/bin/../lib/gcc/avr/4.3.3/avr5\libgcc.a(_mulsi3.o)
                0x0000460a                __mulsi3
 .text.libgcc   0x00004648       0x28 c:/winavr-20100110/bin/../lib/gcc/avr/4.3.3/avr5\libgcc.a(_udivmodhi4.o)
                0x00004648                __udivmodhi4
 .text.libgcc   0x00004670       0x26 c:/winavr-20100110/bin/../lib/gcc/avr/4.3.3/avr5\libgcc.a(_divmodhi4.o)
                0x00004670                __divmodhi4
                0x00004670                _div
 .text.libgcc   0x00004696       0x44 c:/winavr-20100110/bin/../lib/gcc/avr/4.3.3/avr5\libgcc.a(_udivmodsi4.o)
                0x00004696                __udivmodsi4
 .text.libgcc   0x000046da       0x36 c:/winavr-20100110/bin/../lib/gcc/avr/4.3.3/avr5\libgcc.a(_divmodsi4.o)
                0x000046da                __divmodsi4
 .text.libgcc   0x00004710        0x0 c:/winavr-20100110/bin/../lib/gcc/avr/4.3.3/avr5\libgcc.a(_exit.o)
 .text.libgcc   0x00004710        0x0 c:/winavr-20100110/bin/../lib/gcc/avr/4.3.3/avr5\libgcc.a(_copy_data.o)
 .text.libgcc   0x00004710        0x0 c:/winavr-20100110/bin/../lib/gcc/avr/4.3.3/avr5\libgcc.a(_clear_bss.o)
 .text.libgcc   0x00004710       0x38 c:/winavr-20100110/bin/../lib/gcc/avr/4.3.3/avr5\libgcc.a(_prologue.o)
                0x00004710                __prologue_saves__
 .text.libgcc   0x00004748       0x36 c:/winavr-20100110/bin/../lib/gcc/avr/4.3.3/avr5\libgcc.a(_epilogue.o)
                0x00004748                __epilogue_restores__
                0x0000477e                . = ALIGN (0x2)
 *(.fini9)
 .fini9         0x0000477e        0x0 c:/winavr-20100110/bin/../lib/gcc/avr/4.3.3/avr5\libgcc.a(_exit.o)
                0x0000477e                exit
                0x0000477e                _exit
 *(.fini9)
 *(.fini8)
 *(.fini8)
 *(.fini7)
 *(.fini7)
 *(.fini6)
 *(.fini6)
 *(.fini5)
 *(.fini5)
 *(.fini4)
 *(.fini4)
 *(.fini3)
 *(.fini3)
 *(.fini2)
 *(.fini2)
 *(.fini1)
 *(.fini1)
 *(.fini0)
 .fini0         0x0000477e        0x4 c:/winavr-20100110/bin/../lib/gcc/avr/4.3.3/avr5\libgcc.a(_exit.o)
 *(.fini0)
                0x00004782                _etext = .

.data           0x00800060      0x112 load address 0x00004782
                0x00800060                PROVIDE (__data_start, .)
 *(.data)
 .data          0x00800060        0x0 c:/winavr-20100110/bin/../lib/gcc/avr/4.3.3/../../../../avr/lib/avr5/crtm32.o
 .data          0x00800060        0x0 ./Autonomous_Car/MCAL/TIMER/Timer.o
 .data          0x00800060        0x0 ./Autonomous_Car/MCAL/PWM/PWM.o
 .data          0x00800060        0x0 ./Autonomous_Car/MCAL/EXTI/EXTI.o
 .data          0x00800060        0x0 ./Autonomous_Car/MCAL/DIO/DIO.o
 .data          0x00800060        0x0 ./Autonomous_Car/HAL/ULTRA_SONIC/Ultrasonic.o
 .data          0x00800060        0x0 ./Autonomous_Car/HAL/MOTOR/MOTOR.o
 .data          0x00800060        0x0 ./Autonomous_Car/HAL/LCD/LCD.o
 .data          0x00800060        0x0 ./Autonomous_Car/APP/MotorlControl/MotorControl.o
 .data          0x00800060        0x0 ./Autonomous_Car/APP/Monitoring/Monitoring.o
 .data          0x00800060        0x0 ./Autonomous_Car/APP/APP.o
 .data          0x00800060        0x0 ./Autonomous_Car/main.o
 .data          0x00800060        0x0 c:/winavr-20100110/bin/../lib/gcc/avr/4.3.3/avr5\libgcc.a(_mulsi3.o)
 .data          0x00800060        0x0 c:/winavr-20100110/bin/../lib/gcc/avr/4.3.3/avr5\libgcc.a(_udivmodhi4.o)
 .data          0x00800060        0x0 c:/winavr-20100110/bin/../lib/gcc/avr/4.3.3/avr5\libgcc.a(_divmodhi4.o)
 .data          0x00800060        0x0 c:/winavr-20100110/bin/../lib/gcc/avr/4.3.3/avr5\libgcc.a(_udivmodsi4.o)
 .data          0x00800060        0x0 c:/winavr-20100110/bin/../lib/gcc/avr/4.3.3/avr5\libgcc.a(_divmodsi4.o)
 .data          0x00800060        0x0 c:/winavr-20100110/bin/../lib/gcc/avr/4.3.3/avr5\libgcc.a(_exit.o)
 .data          0x00800060        0x0 c:/winavr-20100110/bin/../lib/gcc/avr/4.3.3/avr5\libgcc.a(_copy_data.o)
 .data          0x00800060        0x0 c:/winavr-20100110/bin/../lib/gcc/avr/4.3.3/avr5\libgcc.a(_clear_bss.o)
 .data          0x00800060        0x0 c:/winavr-20100110/bin/../lib/gcc/avr/4.3.3/avr5\libgcc.a(_fixunssfsi.o)
 .data          0x00800060        0x0 c:/winavr-20100110/bin/../lib/gcc/avr/4.3.3/avr5\libgcc.a(_addsub_sf.o)
 .data          0x00800060        0x0 c:/winavr-20100110/bin/../lib/gcc/avr/4.3.3/avr5\libgcc.a(_mul_sf.o)
 .data          0x00800060        0x0 c:/winavr-20100110/bin/../lib/gcc/avr/4.3.3/avr5\libgcc.a(_div_sf.o)
 .data          0x00800060        0x0 c:/winavr-20100110/bin/../lib/gcc/avr/4.3.3/avr5\libgcc.a(_gt_sf.o)
 .data          0x00800060        0x0 c:/winavr-20100110/bin/../lib/gcc/avr/4.3.3/avr5\libgcc.a(_ge_sf.o)
 .data          0x00800060        0x0 c:/winavr-20100110/bin/../lib/gcc/avr/4.3.3/avr5\libgcc.a(_lt_sf.o)
 .data          0x00800060        0x0 c:/winavr-20100110/bin/../lib/gcc/avr/4.3.3/avr5\libgcc.a(_sf_to_si.o)
 .data          0x00800060        0x8 c:/winavr-20100110/bin/../lib/gcc/avr/4.3.3/avr5\libgcc.a(_thenan_sf.o)
                0x00800060                __thenan_sf
 .data          0x00800068        0x0 c:/winavr-20100110/bin/../lib/gcc/avr/4.3.3/avr5\libgcc.a(_usi_to_sf.o)
 .data          0x00800068        0x0 c:/winavr-20100110/bin/../lib/gcc/avr/4.3.3/avr5\libgcc.a(_prologue.o)
 .data          0x00800068        0x0 c:/winavr-20100110/bin/../lib/gcc/avr/4.3.3/avr5\libgcc.a(_epilogue.o)
 .data          0x00800068        0x0 c:/winavr-20100110/bin/../lib/gcc/avr/4.3.3/avr5\libgcc.a(_clzsi2.o)
 .data          0x00800068        0x0 c:/winavr-20100110/bin/../lib/gcc/avr/4.3.3/avr5\libgcc.a(_pack_sf.o)
 .data          0x00800068        0x0 c:/winavr-20100110/bin/../lib/gcc/avr/4.3.3/avr5\libgcc.a(_unpack_sf.o)
 .data          0x00800068        0x0 c:/winavr-20100110/bin/../lib/gcc/avr/4.3.3/avr5\libgcc.a(_fpcmp_parts_sf.o)
 .data          0x00800068      0x100 c:/winavr-20100110/bin/../lib/gcc/avr/4.3.3/avr5\libgcc.a(_clz.o)
                0x00800068                __clz_tab
 *(.data*)
 .data.gPrescal
                0x00800168        0x2 ./Autonomous_Car/MCAL/TIMER/Timer.o
 .data.gOVFNUM  0x0080016a        0x4 ./Autonomous_Car/MCAL/TIMER/Timer.o
 .data.delay.1590
                0x0080016e        0x4 ./Autonomous_Car/MCAL/TIMER/Timer.o
 *(.rodata)
 *(.rodata*)
 *(.gnu.linkonce.d*)
                0x00800172                . = ALIGN (0x2)
                0x00800172                _edata = .
                0x00800172                PROVIDE (__data_end, .)

.bss            0x00800172       0x2a
                0x00800172                PROVIDE (__bss_start, .)
 *(.bss)
 .bss           0x00800172        0x0 c:/winavr-20100110/bin/../lib/gcc/avr/4.3.3/../../../../avr/lib/avr5/crtm32.o
 .bss           0x00800172        0x0 ./Autonomous_Car/MCAL/TIMER/Timer.o
 .bss           0x00800172        0x0 ./Autonomous_Car/MCAL/PWM/PWM.o
 .bss           0x00800172        0x0 ./Autonomous_Car/MCAL/EXTI/EXTI.o
 .bss           0x00800172        0x0 ./Autonomous_Car/MCAL/DIO/DIO.o
 .bss           0x00800172        0x0 ./Autonomous_Car/HAL/ULTRA_SONIC/Ultrasonic.o
 .bss           0x00800172        0x0 ./Autonomous_Car/HAL/MOTOR/MOTOR.o
 .bss           0x00800172        0x0 ./Autonomous_Car/HAL/LCD/LCD.o
 .bss           0x00800172        0x0 ./Autonomous_Car/APP/MotorlControl/MotorControl.o
 .bss           0x00800172        0x0 ./Autonomous_Car/APP/Monitoring/Monitoring.o
 .bss           0x00800172        0x0 ./Autonomous_Car/APP/APP.o
 .bss           0x00800172        0x0 ./Autonomous_Car/main.o
 .bss           0x00800172        0x0 c:/winavr-20100110/bin/../lib/gcc/avr/4.3.3/avr5\libgcc.a(_mulsi3.o)
 .bss           0x00800172        0x0 c:/winavr-20100110/bin/../lib/gcc/avr/4.3.3/avr5\libgcc.a(_udivmodhi4.o)
 .bss           0x00800172        0x0 c:/winavr-20100110/bin/../lib/gcc/avr/4.3.3/avr5\libgcc.a(_divmodhi4.o)
 .bss           0x00800172        0x0 c:/winavr-20100110/bin/../lib/gcc/avr/4.3.3/avr5\libgcc.a(_udivmodsi4.o)
 .bss           0x00800172        0x0 c:/winavr-20100110/bin/../lib/gcc/avr/4.3.3/avr5\libgcc.a(_divmodsi4.o)
 .bss           0x00800172        0x0 c:/winavr-20100110/bin/../lib/gcc/avr/4.3.3/avr5\libgcc.a(_exit.o)
 .bss           0x00800172        0x0 c:/winavr-20100110/bin/../lib/gcc/avr/4.3.3/avr5\libgcc.a(_copy_data.o)
 .bss           0x00800172        0x0 c:/winavr-20100110/bin/../lib/gcc/avr/4.3.3/avr5\libgcc.a(_clear_bss.o)
 .bss           0x00800172        0x0 c:/winavr-20100110/bin/../lib/gcc/avr/4.3.3/avr5\libgcc.a(_fixunssfsi.o)
 .bss           0x00800172        0x0 c:/winavr-20100110/bin/../lib/gcc/avr/4.3.3/avr5\libgcc.a(_addsub_sf.o)
 .bss           0x00800172        0x0 c:/winavr-20100110/bin/../lib/gcc/avr/4.3.3/avr5\libgcc.a(_mul_sf.o)
 .bss           0x00800172        0x0 c:/winavr-20100110/bin/../lib/gcc/avr/4.3.3/avr5\libgcc.a(_div_sf.o)
 .bss           0x00800172        0x0 c:/winavr-20100110/bin/../lib/gcc/avr/4.3.3/avr5\libgcc.a(_gt_sf.o)
 .bss           0x00800172        0x0 c:/winavr-20100110/bin/../lib/gcc/avr/4.3.3/avr5\libgcc.a(_ge_sf.o)
 .bss           0x00800172        0x0 c:/winavr-20100110/bin/../lib/gcc/avr/4.3.3/avr5\libgcc.a(_lt_sf.o)
 .bss           0x00800172        0x0 c:/winavr-20100110/bin/../lib/gcc/avr/4.3.3/avr5\libgcc.a(_sf_to_si.o)
 .bss           0x00800172        0x0 c:/winavr-20100110/bin/../lib/gcc/avr/4.3.3/avr5\libgcc.a(_thenan_sf.o)
 .bss           0x00800172        0x0 c:/winavr-20100110/bin/../lib/gcc/avr/4.3.3/avr5\libgcc.a(_usi_to_sf.o)
 .bss           0x00800172        0x0 c:/winavr-20100110/bin/../lib/gcc/avr/4.3.3/avr5\libgcc.a(_prologue.o)
 .bss           0x00800172        0x0 c:/winavr-20100110/bin/../lib/gcc/avr/4.3.3/avr5\libgcc.a(_epilogue.o)
 .bss           0x00800172        0x0 c:/winavr-20100110/bin/../lib/gcc/avr/4.3.3/avr5\libgcc.a(_clzsi2.o)
 .bss           0x00800172        0x0 c:/winavr-20100110/bin/../lib/gcc/avr/4.3.3/avr5\libgcc.a(_pack_sf.o)
 .bss           0x00800172        0x0 c:/winavr-20100110/bin/../lib/gcc/avr/4.3.3/avr5\libgcc.a(_unpack_sf.o)
 .bss           0x00800172        0x0 c:/winavr-20100110/bin/../lib/gcc/avr/4.3.3/avr5\libgcc.a(_fpcmp_parts_sf.o)
 .bss           0x00800172        0x0 c:/winavr-20100110/bin/../lib/gcc/avr/4.3.3/avr5\libgcc.a(_clz.o)
 *(.bss*)
 .bss.Timer1_OVF_Fptr
                0x00800172        0x2 ./Autonomous_Car/MCAL/TIMER/Timer.o
 .bss.Timer1_OCA_Fptr
                0x00800174        0x2 ./Autonomous_Car/MCAL/TIMER/Timer.o
 .bss.Timer1_OCB_Fptr
                0x00800176        0x2 ./Autonomous_Car/MCAL/TIMER/Timer.o
 .bss.Timer1_ICU_Fptr
                0x00800178        0x2 ./Autonomous_Car/MCAL/TIMER/Timer.o
 .bss.Timer0_OVF_Fptr
                0x0080017a        0x2 ./Autonomous_Car/MCAL/TIMER/Timer.o
 .bss.Timer2_OVF_Fptr
                0x0080017c        0x2 ./Autonomous_Car/MCAL/TIMER/Timer.o
 .bss.count_flag
                0x0080017e        0x4 ./Autonomous_Car/MCAL/TIMER/Timer.o
                0x0080017e                count_flag
 .bss.count_lcd
                0x00800182        0x4 ./Autonomous_Car/MCAL/TIMER/Timer.o
                0x00800182                count_lcd
 .bss.count_button
                0x00800186        0x4 ./Autonomous_Car/MCAL/TIMER/Timer.o
                0x00800186                count_button
 .bss.EXTI_INT0_FPtr
                0x0080018a        0x2 ./Autonomous_Car/MCAL/EXTI/EXTI.o
 .bss.EXTI_INT1_FPtr
                0x0080018c        0x2 ./Autonomous_Car/MCAL/EXTI/EXTI.o
 .bss.EXTI_INT2_FPtr
                0x0080018e        0x2 ./Autonomous_Car/MCAL/EXTI/EXTI.o
 .bss.t2        0x00800190        0x4 ./Autonomous_Car/HAL/ULTRA_SONIC/Ultrasonic.o
 .bss.Flag      0x00800194        0x1 ./Autonomous_Car/HAL/ULTRA_SONIC/Ultrasonic.o
 .bss.count     0x00800195        0x4 ./Autonomous_Car/HAL/ULTRA_SONIC/Ultrasonic.o
 .bss.gDistance
                0x00800199        0x2 ./Autonomous_Car/HAL/ULTRA_SONIC/Ultrasonic.o
                0x00800199                gDistance
 *(COMMON)
 COMMON         0x0080019b        0x1 ./Autonomous_Car/MCAL/TIMER/Timer.o
                0x0080019b                flag
                0x0080019c                PROVIDE (__bss_end, .)
                0x00004782                __data_load_start = LOADADDR (.data)
                0x00004894                __data_load_end = (__data_load_start + SIZEOF (.data))

.noinit         0x0080019c        0x0
                0x0080019c                PROVIDE (__noinit_start, .)
 *(.noinit*)
                0x0080019c                PROVIDE (__noinit_end, .)
                0x0080019c                _end = .
                0x0080019c                PROVIDE (__heap_start, .)

.eeprom         0x00810000        0x0
 *(.eeprom*)
                0x00810000                __eeprom_end = .

.fuse
 *(.fuse)
 *(.lfuse)
 *(.hfuse)
 *(.efuse)

.lock
 *(.lock*)

.signature
 *(.signature*)

.stab           0x00000000     0x4614
 *(.stab)
 .stab          0x00000000     0x111c ./Autonomous_Car/MCAL/TIMER/Timer.o
 .stab          0x0000111c      0x24c ./Autonomous_Car/MCAL/PWM/PWM.o
                                0x2dc (size before relaxing)
 .stab          0x00001368      0x5b8 ./Autonomous_Car/MCAL/EXTI/EXTI.o
                                0x648 (size before relaxing)
 .stab          0x00001920      0x78c ./Autonomous_Car/MCAL/DIO/DIO.o
                                0x81c (size before relaxing)
 .stab          0x000020ac      0x948 ./Autonomous_Car/HAL/ULTRA_SONIC/Ultrasonic.o
                                0x954 (size before relaxing)
 .stab          0x000029f4      0x3c0 ./Autonomous_Car/HAL/MOTOR/MOTOR.o
                                0x4bc (size before relaxing)
 .stab          0x00002db4     0x1098 ./Autonomous_Car/HAL/LCD/LCD.o
                               0x129c (size before relaxing)
 .stab          0x00003e4c      0x1d4 ./Autonomous_Car/APP/MotorlControl/MotorControl.o
                                0x264 (size before relaxing)
 .stab          0x00004020      0x15c ./Autonomous_Car/APP/Monitoring/Monitoring.o
                                0x354 (size before relaxing)
 .stab          0x0000417c      0x300 ./Autonomous_Car/APP/APP.o
                                0x678 (size before relaxing)
 .stab          0x0000447c      0x198 ./Autonomous_Car/main.o
                                0x510 (size before relaxing)

.stabstr        0x00000000     0x2abf
 *(.stabstr)
 .stabstr       0x00000000     0x2abf ./Autonomous_Car/MCAL/TIMER/Timer.o

.stab.excl
 *(.stab.excl)

.stab.exclstr
 *(.stab.exclstr)

.stab.index
 *(.stab.index)

.stab.indexstr
 *(.stab.indexstr)

.comment
 *(.comment)

.debug
 *(.debug)

.line
 *(.line)

.debug_srcinfo
 *(.debug_srcinfo)

.debug_sfnames
 *(.debug_sfnames)

.debug_aranges  0x00000000      0x1a0
 *(.debug_aranges)
 .debug_aranges
                0x00000000       0x20 c:/winavr-20100110/bin/../lib/gcc/avr/4.3.3/avr5\libgcc.a(_fixunssfsi.o)
 .debug_aranges
                0x00000020       0x20 c:/winavr-20100110/bin/../lib/gcc/avr/4.3.3/avr5\libgcc.a(_addsub_sf.o)
 .debug_aranges
                0x00000040       0x20 c:/winavr-20100110/bin/../lib/gcc/avr/4.3.3/avr5\libgcc.a(_mul_sf.o)
 .debug_aranges
                0x00000060       0x20 c:/winavr-20100110/bin/../lib/gcc/avr/4.3.3/avr5\libgcc.a(_div_sf.o)
 .debug_aranges
                0x00000080       0x20 c:/winavr-20100110/bin/../lib/gcc/avr/4.3.3/avr5\libgcc.a(_gt_sf.o)
 .debug_aranges
                0x000000a0       0x20 c:/winavr-20100110/bin/../lib/gcc/avr/4.3.3/avr5\libgcc.a(_ge_sf.o)
 .debug_aranges
                0x000000c0       0x20 c:/winavr-20100110/bin/../lib/gcc/avr/4.3.3/avr5\libgcc.a(_lt_sf.o)
 .debug_aranges
                0x000000e0       0x20 c:/winavr-20100110/bin/../lib/gcc/avr/4.3.3/avr5\libgcc.a(_sf_to_si.o)
 .debug_aranges
                0x00000100       0x20 c:/winavr-20100110/bin/../lib/gcc/avr/4.3.3/avr5\libgcc.a(_usi_to_sf.o)
 .debug_aranges
                0x00000120       0x20 c:/winavr-20100110/bin/../lib/gcc/avr/4.3.3/avr5\libgcc.a(_clzsi2.o)
 .debug_aranges
                0x00000140       0x20 c:/winavr-20100110/bin/../lib/gcc/avr/4.3.3/avr5\libgcc.a(_pack_sf.o)
 .debug_aranges
                0x00000160       0x20 c:/winavr-20100110/bin/../lib/gcc/avr/4.3.3/avr5\libgcc.a(_unpack_sf.o)
 .debug_aranges
                0x00000180       0x20 c:/winavr-20100110/bin/../lib/gcc/avr/4.3.3/avr5\libgcc.a(_fpcmp_parts_sf.o)

.debug_pubnames
                0x00000000      0x1f2
 *(.debug_pubnames)
 .debug_pubnames
                0x00000000       0x23 c:/winavr-20100110/bin/../lib/gcc/avr/4.3.3/avr5\libgcc.a(_fixunssfsi.o)
 .debug_pubnames
                0x00000023       0x2c c:/winavr-20100110/bin/../lib/gcc/avr/4.3.3/avr5\libgcc.a(_addsub_sf.o)
 .debug_pubnames
                0x0000004f       0x1f c:/winavr-20100110/bin/../lib/gcc/avr/4.3.3/avr5\libgcc.a(_mul_sf.o)
 .debug_pubnames
                0x0000006e       0x1f c:/winavr-20100110/bin/../lib/gcc/avr/4.3.3/avr5\libgcc.a(_div_sf.o)
 .debug_pubnames
                0x0000008d       0x1e c:/winavr-20100110/bin/../lib/gcc/avr/4.3.3/avr5\libgcc.a(_gt_sf.o)
 .debug_pubnames
                0x000000ab       0x1e c:/winavr-20100110/bin/../lib/gcc/avr/4.3.3/avr5\libgcc.a(_ge_sf.o)
 .debug_pubnames
                0x000000c9       0x1e c:/winavr-20100110/bin/../lib/gcc/avr/4.3.3/avr5\libgcc.a(_lt_sf.o)
 .debug_pubnames
                0x000000e7       0x20 c:/winavr-20100110/bin/../lib/gcc/avr/4.3.3/avr5\libgcc.a(_sf_to_si.o)
 .debug_pubnames
                0x00000107       0x22 c:/winavr-20100110/bin/../lib/gcc/avr/4.3.3/avr5\libgcc.a(_thenan_sf.o)
 .debug_pubnames
                0x00000129       0x24 c:/winavr-20100110/bin/../lib/gcc/avr/4.3.3/avr5\libgcc.a(_usi_to_sf.o)
 .debug_pubnames
                0x0000014d       0x1f c:/winavr-20100110/bin/../lib/gcc/avr/4.3.3/avr5\libgcc.a(_clzsi2.o)
 .debug_pubnames
                0x0000016c       0x1f c:/winavr-20100110/bin/../lib/gcc/avr/4.3.3/avr5\libgcc.a(_pack_sf.o)
 .debug_pubnames
                0x0000018b       0x21 c:/winavr-20100110/bin/../lib/gcc/avr/4.3.3/avr5\libgcc.a(_unpack_sf.o)
 .debug_pubnames
                0x000001ac       0x26 c:/winavr-20100110/bin/../lib/gcc/avr/4.3.3/avr5\libgcc.a(_fpcmp_parts_sf.o)
 .debug_pubnames
                0x000001d2       0x20 c:/winavr-20100110/bin/../lib/gcc/avr/4.3.3/avr5\libgcc.a(_clz.o)

.debug_info     0x00000000     0x240b
 *(.debug_info)
 .debug_info    0x00000000       0xb1 c:/winavr-20100110/bin/../lib/gcc/avr/4.3.3/avr5\libgcc.a(_fixunssfsi.o)
 .debug_info    0x000000b1      0x47a c:/winavr-20100110/bin/../lib/gcc/avr/4.3.3/avr5\libgcc.a(_addsub_sf.o)
 .debug_info    0x0000052b      0x485 c:/winavr-20100110/bin/../lib/gcc/avr/4.3.3/avr5\libgcc.a(_mul_sf.o)
 .debug_info    0x000009b0      0x3fc c:/winavr-20100110/bin/../lib/gcc/avr/4.3.3/avr5\libgcc.a(_div_sf.o)
 .debug_info    0x00000dac      0x27f c:/winavr-20100110/bin/../lib/gcc/avr/4.3.3/avr5\libgcc.a(_gt_sf.o)
 .debug_info    0x0000102b      0x27f c:/winavr-20100110/bin/../lib/gcc/avr/4.3.3/avr5\libgcc.a(_ge_sf.o)
 .debug_info    0x000012aa      0x27f c:/winavr-20100110/bin/../lib/gcc/avr/4.3.3/avr5\libgcc.a(_lt_sf.o)
 .debug_info    0x00001529      0x2b0 c:/winavr-20100110/bin/../lib/gcc/avr/4.3.3/avr5\libgcc.a(_sf_to_si.o)
 .debug_info    0x000017d9      0x12c c:/winavr-20100110/bin/../lib/gcc/avr/4.3.3/avr5\libgcc.a(_thenan_sf.o)
 .debug_info    0x00001905      0x206 c:/winavr-20100110/bin/../lib/gcc/avr/4.3.3/avr5\libgcc.a(_usi_to_sf.o)
 .debug_info    0x00001b0b      0x117 c:/winavr-20100110/bin/../lib/gcc/avr/4.3.3/avr5\libgcc.a(_clzsi2.o)
 .debug_info    0x00001c22      0x2df c:/winavr-20100110/bin/../lib/gcc/avr/4.3.3/avr5\libgcc.a(_pack_sf.o)
 .debug_info    0x00001f01      0x251 c:/winavr-20100110/bin/../lib/gcc/avr/4.3.3/avr5\libgcc.a(_unpack_sf.o)
 .debug_info    0x00002152      0x210 c:/winavr-20100110/bin/../lib/gcc/avr/4.3.3/avr5\libgcc.a(_fpcmp_parts_sf.o)
 .debug_info    0x00002362       0xa9 c:/winavr-20100110/bin/../lib/gcc/avr/4.3.3/avr5\libgcc.a(_clz.o)
 *(.gnu.linkonce.wi.*)

.debug_abbrev   0x00000000     0x1386
 *(.debug_abbrev)
 .debug_abbrev  0x00000000       0x5d c:/winavr-20100110/bin/../lib/gcc/avr/4.3.3/avr5\libgcc.a(_fixunssfsi.o)
 .debug_abbrev  0x0000005d      0x1ea c:/winavr-20100110/bin/../lib/gcc/avr/4.3.3/avr5\libgcc.a(_addsub_sf.o)
 .debug_abbrev  0x00000247      0x21b c:/winavr-20100110/bin/../lib/gcc/avr/4.3.3/avr5\libgcc.a(_mul_sf.o)
 .debug_abbrev  0x00000462      0x216 c:/winavr-20100110/bin/../lib/gcc/avr/4.3.3/avr5\libgcc.a(_div_sf.o)
 .debug_abbrev  0x00000678      0x15a c:/winavr-20100110/bin/../lib/gcc/avr/4.3.3/avr5\libgcc.a(_gt_sf.o)
 .debug_abbrev  0x000007d2      0x15a c:/winavr-20100110/bin/../lib/gcc/avr/4.3.3/avr5\libgcc.a(_ge_sf.o)
 .debug_abbrev  0x0000092c      0x15a c:/winavr-20100110/bin/../lib/gcc/avr/4.3.3/avr5\libgcc.a(_lt_sf.o)
 .debug_abbrev  0x00000a86      0x17f c:/winavr-20100110/bin/../lib/gcc/avr/4.3.3/avr5\libgcc.a(_sf_to_si.o)
 .debug_abbrev  0x00000c05       0xad c:/winavr-20100110/bin/../lib/gcc/avr/4.3.3/avr5\libgcc.a(_thenan_sf.o)
 .debug_abbrev  0x00000cb2      0x157 c:/winavr-20100110/bin/../lib/gcc/avr/4.3.3/avr5\libgcc.a(_usi_to_sf.o)
 .debug_abbrev  0x00000e09       0xc4 c:/winavr-20100110/bin/../lib/gcc/avr/4.3.3/avr5\libgcc.a(_clzsi2.o)
 .debug_abbrev  0x00000ecd      0x1c0 c:/winavr-20100110/bin/../lib/gcc/avr/4.3.3/avr5\libgcc.a(_pack_sf.o)
 .debug_abbrev  0x0000108d      0x154 c:/winavr-20100110/bin/../lib/gcc/avr/4.3.3/avr5\libgcc.a(_unpack_sf.o)
 .debug_abbrev  0x000011e1      0x13b c:/winavr-20100110/bin/../lib/gcc/avr/4.3.3/avr5\libgcc.a(_fpcmp_parts_sf.o)
 .debug_abbrev  0x0000131c       0x6a c:/winavr-20100110/bin/../lib/gcc/avr/4.3.3/avr5\libgcc.a(_clz.o)

.debug_line     0x00000000     0x11d6
 *(.debug_line)
 .debug_line    0x00000000       0xa7 c:/winavr-20100110/bin/../lib/gcc/avr/4.3.3/avr5\libgcc.a(_fixunssfsi.o)
 .debug_line    0x000000a7      0x2af c:/winavr-20100110/bin/../lib/gcc/avr/4.3.3/avr5\libgcc.a(_addsub_sf.o)
 .debug_line    0x00000356      0x239 c:/winavr-20100110/bin/../lib/gcc/avr/4.3.3/avr5\libgcc.a(_mul_sf.o)
 .debug_line    0x0000058f      0x1d5 c:/winavr-20100110/bin/../lib/gcc/avr/4.3.3/avr5\libgcc.a(_div_sf.o)
 .debug_line    0x00000764       0xd3 c:/winavr-20100110/bin/../lib/gcc/avr/4.3.3/avr5\libgcc.a(_gt_sf.o)
 .debug_line    0x00000837       0xd3 c:/winavr-20100110/bin/../lib/gcc/avr/4.3.3/avr5\libgcc.a(_ge_sf.o)
 .debug_line    0x0000090a       0xd3 c:/winavr-20100110/bin/../lib/gcc/avr/4.3.3/avr5\libgcc.a(_lt_sf.o)
 .debug_line    0x000009dd      0x109 c:/winavr-20100110/bin/../lib/gcc/avr/4.3.3/avr5\libgcc.a(_sf_to_si.o)
 .debug_line    0x00000ae6       0x90 c:/winavr-20100110/bin/../lib/gcc/avr/4.3.3/avr5\libgcc.a(_thenan_sf.o)
 .debug_line    0x00000b76      0x133 c:/winavr-20100110/bin/../lib/gcc/avr/4.3.3/avr5\libgcc.a(_usi_to_sf.o)
 .debug_line    0x00000ca9       0xa5 c:/winavr-20100110/bin/../lib/gcc/avr/4.3.3/avr5\libgcc.a(_clzsi2.o)
 .debug_line    0x00000d4e      0x18a c:/winavr-20100110/bin/../lib/gcc/avr/4.3.3/avr5\libgcc.a(_pack_sf.o)
 .debug_line    0x00000ed8      0x14b c:/winavr-20100110/bin/../lib/gcc/avr/4.3.3/avr5\libgcc.a(_unpack_sf.o)
 .debug_line    0x00001023      0x137 c:/winavr-20100110/bin/../lib/gcc/avr/4.3.3/avr5\libgcc.a(_fpcmp_parts_sf.o)
 .debug_line    0x0000115a       0x7c c:/winavr-20100110/bin/../lib/gcc/avr/4.3.3/avr5\libgcc.a(_clz.o)

.debug_frame    0x00000000      0x1c0
 *(.debug_frame)
 .debug_frame   0x00000000       0x20 c:/winavr-20100110/bin/../lib/gcc/avr/4.3.3/avr5\libgcc.a(_fixunssfsi.o)
 .debug_frame   0x00000020       0x40 c:/winavr-20100110/bin/../lib/gcc/avr/4.3.3/avr5\libgcc.a(_addsub_sf.o)
 .debug_frame   0x00000060       0x20 c:/winavr-20100110/bin/../lib/gcc/avr/4.3.3/avr5\libgcc.a(_mul_sf.o)
 .debug_frame   0x00000080       0x20 c:/winavr-20100110/bin/../lib/gcc/avr/4.3.3/avr5\libgcc.a(_div_sf.o)
 .debug_frame   0x000000a0       0x20 c:/winavr-20100110/bin/../lib/gcc/avr/4.3.3/avr5\libgcc.a(_gt_sf.o)
 .debug_frame   0x000000c0       0x20 c:/winavr-20100110/bin/../lib/gcc/avr/4.3.3/avr5\libgcc.a(_ge_sf.o)
 .debug_frame   0x000000e0       0x20 c:/winavr-20100110/bin/../lib/gcc/avr/4.3.3/avr5\libgcc.a(_lt_sf.o)
 .debug_frame   0x00000100       0x20 c:/winavr-20100110/bin/../lib/gcc/avr/4.3.3/avr5\libgcc.a(_sf_to_si.o)
 .debug_frame   0x00000120       0x20 c:/winavr-20100110/bin/../lib/gcc/avr/4.3.3/avr5\libgcc.a(_usi_to_sf.o)
 .debug_frame   0x00000140       0x20 c:/winavr-20100110/bin/../lib/gcc/avr/4.3.3/avr5\libgcc.a(_clzsi2.o)
 .debug_frame   0x00000160       0x20 c:/winavr-20100110/bin/../lib/gcc/avr/4.3.3/avr5\libgcc.a(_pack_sf.o)
 .debug_frame   0x00000180       0x20 c:/winavr-20100110/bin/../lib/gcc/avr/4.3.3/avr5\libgcc.a(_unpack_sf.o)
 .debug_frame   0x000001a0       0x20 c:/winavr-20100110/bin/../lib/gcc/avr/4.3.3/avr5\libgcc.a(_fpcmp_parts_sf.o)

.debug_str      0x00000000      0x2f6
 *(.debug_str)
 .debug_str     0x00000000       0xbf c:/winavr-20100110/bin/../lib/gcc/avr/4.3.3/avr5\libgcc.a(_fixunssfsi.o)
                                 0xfe (size before relaxing)
 .debug_str     0x000000bf      0x14d c:/winavr-20100110/bin/../lib/gcc/avr/4.3.3/avr5\libgcc.a(_addsub_sf.o)
                                0x206 (size before relaxing)
 .debug_str     0x0000020c       0x27 c:/winavr-20100110/bin/../lib/gcc/avr/4.3.3/avr5\libgcc.a(_mul_sf.o)
                                0x1bf (size before relaxing)
 .debug_str     0x00000233       0x35 c:/winavr-20100110/bin/../lib/gcc/avr/4.3.3/avr5\libgcc.a(_div_sf.o)
                                0x1c8 (size before relaxing)
 .debug_str     0x00000268        0x8 c:/winavr-20100110/bin/../lib/gcc/avr/4.3.3/avr5\libgcc.a(_gt_sf.o)
                                0x195 (size before relaxing)
 .debug_str     0x00000270        0x8 c:/winavr-20100110/bin/../lib/gcc/avr/4.3.3/avr5\libgcc.a(_ge_sf.o)
                                0x195 (size before relaxing)
 .debug_str     0x00000278        0x8 c:/winavr-20100110/bin/../lib/gcc/avr/4.3.3/avr5\libgcc.a(_lt_sf.o)
                                0x195 (size before relaxing)
 .debug_str     0x00000280        0xa c:/winavr-20100110/bin/../lib/gcc/avr/4.3.3/avr5\libgcc.a(_sf_to_si.o)
                                0x19e (size before relaxing)
 .debug_str     0x00000000      0x103 c:/winavr-20100110/bin/../lib/gcc/avr/4.3.3/avr5\libgcc.a(_thenan_sf.o)
 .debug_str     0x0000028a       0x21 c:/winavr-20100110/bin/../lib/gcc/avr/4.3.3/avr5\libgcc.a(_usi_to_sf.o)
                                0x177 (size before relaxing)
 .debug_str     0x000002ab       0x20 c:/winavr-20100110/bin/../lib/gcc/avr/4.3.3/avr5\libgcc.a(_clzsi2.o)
                                0x111 (size before relaxing)
 .debug_str     0x000002cb       0x10 c:/winavr-20100110/bin/../lib/gcc/avr/4.3.3/avr5\libgcc.a(_pack_sf.o)
                                0x19d (size before relaxing)
 .debug_str     0x000002db        0xb c:/winavr-20100110/bin/../lib/gcc/avr/4.3.3/avr5\libgcc.a(_unpack_sf.o)
                                0x17f (size before relaxing)
 .debug_str     0x000002e6       0x10 c:/winavr-20100110/bin/../lib/gcc/avr/4.3.3/avr5\libgcc.a(_fpcmp_parts_sf.o)
                                0x163 (size before relaxing)
 .debug_str     0x00000000       0xf4 c:/winavr-20100110/bin/../lib/gcc/avr/4.3.3/avr5\libgcc.a(_clz.o)

.debug_loc      0x00000000      0x96e
 *(.debug_loc)
 .debug_loc     0x00000000       0x34 c:/winavr-20100110/bin/../lib/gcc/avr/4.3.3/avr5\libgcc.a(_fixunssfsi.o)
 .debug_loc     0x00000034      0x32a c:/winavr-20100110/bin/../lib/gcc/avr/4.3.3/avr5\libgcc.a(_addsub_sf.o)
 .debug_loc     0x0000035e      0x104 c:/winavr-20100110/bin/../lib/gcc/avr/4.3.3/avr5\libgcc.a(_mul_sf.o)
 .debug_loc     0x00000462       0xc0 c:/winavr-20100110/bin/../lib/gcc/avr/4.3.3/avr5\libgcc.a(_div_sf.o)
 .debug_loc     0x00000522       0x3c c:/winavr-20100110/bin/../lib/gcc/avr/4.3.3/avr5\libgcc.a(_gt_sf.o)
 .debug_loc     0x0000055e       0x3c c:/winavr-20100110/bin/../lib/gcc/avr/4.3.3/avr5\libgcc.a(_ge_sf.o)
 .debug_loc     0x0000059a       0x3c c:/winavr-20100110/bin/../lib/gcc/avr/4.3.3/avr5\libgcc.a(_lt_sf.o)
 .debug_loc     0x000005d6       0x7e c:/winavr-20100110/bin/../lib/gcc/avr/4.3.3/avr5\libgcc.a(_sf_to_si.o)
 .debug_loc     0x00000654       0x4c c:/winavr-20100110/bin/../lib/gcc/avr/4.3.3/avr5\libgcc.a(_usi_to_sf.o)
 .debug_loc     0x000006a0       0x94 c:/winavr-20100110/bin/../lib/gcc/avr/4.3.3/avr5\libgcc.a(_clzsi2.o)
 .debug_loc     0x00000734      0x13e c:/winavr-20100110/bin/../lib/gcc/avr/4.3.3/avr5\libgcc.a(_pack_sf.o)
 .debug_loc     0x00000872       0xac c:/winavr-20100110/bin/../lib/gcc/avr/4.3.3/avr5\libgcc.a(_unpack_sf.o)
 .debug_loc     0x0000091e       0x50 c:/winavr-20100110/bin/../lib/gcc/avr/4.3.3/avr5\libgcc.a(_fpcmp_parts_sf.o)

.debug_macinfo
 *(.debug_macinfo)
OUTPUT(Car_UltraSonicRefactor.elf elf32-avr)
LOAD linker stubs

.debug_ranges   0x00000000       0x50
 .debug_ranges  0x00000000       0x50 c:/winavr-20100110/bin/../lib/gcc/avr/4.3.3/avr5\libgcc.a(_mul_sf.o)
