Archive member included because of file (symbol)

f:/iti/imt tools/sdk/sdk/winavr/bin/../lib/gcc/avr/4.3.3/avr5\libgcc.a(_exit.o)
                              f:/iti/imt tools/sdk/sdk/winavr/bin/../lib/gcc/avr/4.3.3/../../../../avr/lib/avr5/crtm32.o (exit)
f:/iti/imt tools/sdk/sdk/winavr/bin/../lib/gcc/avr/4.3.3/avr5\libgcc.a(_copy_data.o)
                              ./main.o (__do_copy_data)
f:/iti/imt tools/sdk/sdk/winavr/bin/../lib/gcc/avr/4.3.3/avr5\libgcc.a(_clear_bss.o)
                              ./TIMER_program.o (__do_clear_bss)

Memory Configuration

Name             Origin             Length             Attributes
text             0x00000000         0x00020000         xr
data             0x00800060         0x0000ffa0         rw !x
eeprom           0x00810000         0x00010000         rw !x
fuse             0x00820000         0x00000400         rw !x
lock             0x00830000         0x00000400         rw !x
signature        0x00840000         0x00000400         rw !x
*default*        0x00000000         0xffffffff

Linker script and memory map

LOAD f:/iti/imt tools/sdk/sdk/winavr/bin/../lib/gcc/avr/4.3.3/../../../../avr/lib/avr5/crtm32.o
LOAD ./DIO_program.o
LOAD ./TIMER_program.o
LOAD ./main.o
LOAD f:/iti/imt tools/sdk/sdk/winavr/bin/../lib/gcc/avr/4.3.3/avr5\libgcc.a
LOAD f:/iti/imt tools/sdk/sdk/winavr/bin/../lib/gcc/avr/4.3.3/../../../../avr/lib/avr5\libc.a
LOAD f:/iti/imt tools/sdk/sdk/winavr/bin/../lib/gcc/avr/4.3.3/avr5\libgcc.a

.hash
 *(.hash)

.dynsym
 *(.dynsym)

.dynstr
 *(.dynstr)

.gnu.version
 *(.gnu.version)

.gnu.version_d
 *(.gnu.version_d)

.gnu.version_r
 *(.gnu.version_r)

.rel.init
 *(.rel.init)

.rela.init
 *(.rela.init)

.rel.text
 *(.rel.text)
 *(.rel.text.*)
 *(.rel.gnu.linkonce.t*)

.rela.text
 *(.rela.text)
 *(.rela.text.*)
 *(.rela.gnu.linkonce.t*)

.rel.fini
 *(.rel.fini)

.rela.fini
 *(.rela.fini)

.rel.rodata
 *(.rel.rodata)
 *(.rel.rodata.*)
 *(.rel.gnu.linkonce.r*)

.rela.rodata
 *(.rela.rodata)
 *(.rela.rodata.*)
 *(.rela.gnu.linkonce.r*)

.rel.data
 *(.rel.data)
 *(.rel.data.*)
 *(.rel.gnu.linkonce.d*)

.rela.data
 *(.rela.data)
 *(.rela.data.*)
 *(.rela.gnu.linkonce.d*)

.rel.ctors
 *(.rel.ctors)

.rela.ctors
 *(.rela.ctors)

.rel.dtors
 *(.rel.dtors)

.rela.dtors
 *(.rela.dtors)

.rel.got
 *(.rel.got)

.rela.got
 *(.rela.got)

.rel.bss
 *(.rel.bss)

.rela.bss
 *(.rela.bss)

.rel.plt
 *(.rel.plt)

.rela.plt
 *(.rela.plt)

.text           0x00000000     0x1a9a
 *(.vectors)
 .vectors       0x00000000       0x54 f:/iti/imt tools/sdk/sdk/winavr/bin/../lib/gcc/avr/4.3.3/../../../../avr/lib/avr5/crtm32.o
                0x00000000                __vectors
                0x00000000                __vector_default
 *(.vectors)
 *(.progmem.gcc*)
 *(.progmem*)
                0x00000054                . = ALIGN (0x2)
                0x00000054                __trampolines_start = .
 *(.trampolines)
 .trampolines   0x00000054        0x0 linker stubs
 *(.trampolines*)
                0x00000054                __trampolines_end = .
 *(.jumptables)
 *(.jumptables*)
 *(.lowtext)
 *(.lowtext*)
                0x00000054                __ctors_start = .
 *(.ctors)
                0x00000054                __ctors_end = .
                0x00000054                __dtors_start = .
 *(.dtors)
                0x00000054                __dtors_end = .
 SORT(*)(.ctors)
 SORT(*)(.dtors)
 *(.init0)
 .init0         0x00000054        0x0 f:/iti/imt tools/sdk/sdk/winavr/bin/../lib/gcc/avr/4.3.3/../../../../avr/lib/avr5/crtm32.o
                0x00000054                __init
 *(.init0)
 *(.init1)
 *(.init1)
 *(.init2)
 .init2         0x00000054        0xc f:/iti/imt tools/sdk/sdk/winavr/bin/../lib/gcc/avr/4.3.3/../../../../avr/lib/avr5/crtm32.o
 *(.init2)
 *(.init3)
 *(.init3)
 *(.init4)
 .init4         0x00000060       0x16 f:/iti/imt tools/sdk/sdk/winavr/bin/../lib/gcc/avr/4.3.3/avr5\libgcc.a(_copy_data.o)
                0x00000060                __do_copy_data
 .init4         0x00000076       0x10 f:/iti/imt tools/sdk/sdk/winavr/bin/../lib/gcc/avr/4.3.3/avr5\libgcc.a(_clear_bss.o)
                0x00000076                __do_clear_bss
 *(.init4)
 *(.init5)
 *(.init5)
 *(.init6)
 *(.init6)
 *(.init7)
 *(.init7)
 *(.init8)
 *(.init8)
 *(.init9)
 .init9         0x00000086        0x8 f:/iti/imt tools/sdk/sdk/winavr/bin/../lib/gcc/avr/4.3.3/../../../../avr/lib/avr5/crtm32.o
 *(.init9)
 *(.text)
 .text          0x0000008e        0x4 f:/iti/imt tools/sdk/sdk/winavr/bin/../lib/gcc/avr/4.3.3/../../../../avr/lib/avr5/crtm32.o
                0x0000008e                __vector_1
                0x0000008e                __vector_12
                0x0000008e                __bad_interrupt
                0x0000008e                __vector_6
                0x0000008e                __vector_3
                0x0000008e                __vector_13
                0x0000008e                __vector_17
                0x0000008e                __vector_19
                0x0000008e                __vector_7
                0x0000008e                __vector_4
                0x0000008e                __vector_9
                0x0000008e                __vector_2
                0x0000008e                __vector_15
                0x0000008e                __vector_8
                0x0000008e                __vector_14
                0x0000008e                __vector_10
                0x0000008e                __vector_16
                0x0000008e                __vector_18
                0x0000008e                __vector_20
 .text          0x00000092        0x0 ./DIO_program.o
 .text          0x00000092        0x0 ./TIMER_program.o
 .text          0x00000092        0x0 ./main.o
 .text          0x00000092        0x0 f:/iti/imt tools/sdk/sdk/winavr/bin/../lib/gcc/avr/4.3.3/avr5\libgcc.a(_exit.o)
 .text          0x00000092        0x0 f:/iti/imt tools/sdk/sdk/winavr/bin/../lib/gcc/avr/4.3.3/avr5\libgcc.a(_copy_data.o)
 .text          0x00000092        0x0 f:/iti/imt tools/sdk/sdk/winavr/bin/../lib/gcc/avr/4.3.3/avr5\libgcc.a(_clear_bss.o)
                0x00000092                . = ALIGN (0x2)
 *(.text.*)
 .text.DIO_voidSetPinDirection
                0x00000092      0x22a ./DIO_program.o
                0x00000092                DIO_voidSetPinDirection
 .text.DIO_voidSetPinValue
                0x000002bc      0x200 ./DIO_program.o
                0x000002bc                DIO_voidSetPinValue
 .text.DIO_u8GetPinValue
                0x000004bc       0xf4 ./DIO_program.o
                0x000004bc                DIO_u8GetPinValue
 .text.DIO_voidTogglePin
                0x000005b0       0xfa ./DIO_program.o
                0x000005b0                DIO_voidTogglePin
 .text.TM_voidTimerInit
                0x000006aa      0xf28 ./TIMER_program.o
                0x000006aa                TM_voidTimerInit
 .text.TM0_OV_voidSetCallBack
                0x000015d2       0x2c ./TIMER_program.o
                0x000015d2                TM0_OV_voidSetCallBack
 .text.TM2_OV_voidSetCallBack
                0x000015fe       0x2c ./TIMER_program.o
                0x000015fe                TM2_OV_voidSetCallBack
 .text.TM_VoidPrealoadOverFlow
                0x0000162a       0x60 ./TIMER_program.o
                0x0000162a                TM_VoidPrealoadOverFlow
 .text.TM_VoidSetDuty
                0x0000168a       0x60 ./TIMER_program.o
                0x0000168a                TM_VoidSetDuty
 .text.TM0_voidStop
                0x000016ea       0x14 ./TIMER_program.o
                0x000016ea                TM0_voidStop
 .text.TM0_OV_NOINTERRUPT
                0x000016fe       0x6e ./TIMER_program.o
                0x000016fe                TM0_OV_NOINTERRUPT
 .text.TM2_OV_NOINTERRUPT
                0x0000176c       0xa0 ./TIMER_program.o
                0x0000176c                TM2_OV_NOINTERRUPT
 .text.__vector_11
                0x0000180c       0x88 ./TIMER_program.o
                0x0000180c                __vector_11
 .text.__vector_5
                0x00001894       0x88 ./TIMER_program.o
                0x00001894                __vector_5
 .text.Toggle   0x0000191c       0x16 ./main.o
                0x0000191c                Toggle
 .text.Toggle1  0x00001932       0x16 ./main.o
                0x00001932                Toggle1
 .text.main     0x00001948      0x14e ./main.o
                0x00001948                main
 .text.libgcc   0x00001a96        0x0 f:/iti/imt tools/sdk/sdk/winavr/bin/../lib/gcc/avr/4.3.3/avr5\libgcc.a(_exit.o)
 .text.libgcc   0x00001a96        0x0 f:/iti/imt tools/sdk/sdk/winavr/bin/../lib/gcc/avr/4.3.3/avr5\libgcc.a(_copy_data.o)
 .text.libgcc   0x00001a96        0x0 f:/iti/imt tools/sdk/sdk/winavr/bin/../lib/gcc/avr/4.3.3/avr5\libgcc.a(_clear_bss.o)
                0x00001a96                . = ALIGN (0x2)
 *(.fini9)
 .fini9         0x00001a96        0x0 f:/iti/imt tools/sdk/sdk/winavr/bin/../lib/gcc/avr/4.3.3/avr5\libgcc.a(_exit.o)
                0x00001a96                exit
                0x00001a96                _exit
 *(.fini9)
 *(.fini8)
 *(.fini8)
 *(.fini7)
 *(.fini7)
 *(.fini6)
 *(.fini6)
 *(.fini5)
 *(.fini5)
 *(.fini4)
 *(.fini4)
 *(.fini3)
 *(.fini3)
 *(.fini2)
 *(.fini2)
 *(.fini1)
 *(.fini1)
 *(.fini0)
 .fini0         0x00001a96        0x4 f:/iti/imt tools/sdk/sdk/winavr/bin/../lib/gcc/avr/4.3.3/avr5\libgcc.a(_exit.o)
 *(.fini0)
                0x00001a9a                _etext = .

.data           0x00800060       0x10 load address 0x00001a9a
                0x00800060                PROVIDE (__data_start, .)
 *(.data)
 .data          0x00800060        0x0 f:/iti/imt tools/sdk/sdk/winavr/bin/../lib/gcc/avr/4.3.3/../../../../avr/lib/avr5/crtm32.o
 .data          0x00800060        0x0 ./DIO_program.o
 .data          0x00800060        0x0 ./TIMER_program.o
 .data          0x00800060        0x0 ./main.o
 .data          0x00800060        0x0 f:/iti/imt tools/sdk/sdk/winavr/bin/../lib/gcc/avr/4.3.3/avr5\libgcc.a(_exit.o)
 .data          0x00800060        0x0 f:/iti/imt tools/sdk/sdk/winavr/bin/../lib/gcc/avr/4.3.3/avr5\libgcc.a(_copy_data.o)
 .data          0x00800060        0x0 f:/iti/imt tools/sdk/sdk/winavr/bin/../lib/gcc/avr/4.3.3/avr5\libgcc.a(_clear_bss.o)
 *(.data*)
 *(.rodata)
 *(.rodata*)
 .rodata.C.3.1246
                0x00800060        0x3 ./main.o
 .rodata.C.2.1245
                0x00800063        0x3 ./main.o
 .rodata.C.1.1244
                0x00800066        0x5 ./main.o
 .rodata.C.0.1243
                0x0080006b        0x5 ./main.o
 *(.gnu.linkonce.d*)
                0x00800070                . = ALIGN (0x2)
                0x00800070                _edata = .
                0x00800070                PROVIDE (__data_end, .)

.bss            0x00800070       0x14
                0x00800070                PROVIDE (__bss_start, .)
 *(.bss)
 .bss           0x00800070        0x0 f:/iti/imt tools/sdk/sdk/winavr/bin/../lib/gcc/avr/4.3.3/../../../../avr/lib/avr5/crtm32.o
 .bss           0x00800070        0x0 ./DIO_program.o
 .bss           0x00800070        0x0 ./TIMER_program.o
 .bss           0x00800070        0x0 ./main.o
 .bss           0x00800070        0x0 f:/iti/imt tools/sdk/sdk/winavr/bin/../lib/gcc/avr/4.3.3/avr5\libgcc.a(_exit.o)
 .bss           0x00800070        0x0 f:/iti/imt tools/sdk/sdk/winavr/bin/../lib/gcc/avr/4.3.3/avr5\libgcc.a(_copy_data.o)
 .bss           0x00800070        0x0 f:/iti/imt tools/sdk/sdk/winavr/bin/../lib/gcc/avr/4.3.3/avr5\libgcc.a(_clear_bss.o)
 *(.bss*)
 .bss.ptrf      0x00800070        0x2 ./TIMER_program.o
 .bss.ptrftm2   0x00800072        0x2 ./TIMER_program.o
 .bss.TM0OV_INTRRUPT_FLAG
                0x00800074        0x1 ./TIMER_program.o
 .bss.TM0CTC_INTRRUPT_FLAG
                0x00800075        0x1 ./TIMER_program.o
 .bss.TM1OV_INTRRUPT_FLAG
                0x00800076        0x1 ./TIMER_program.o
 .bss.TM1CTC_INTRRUPT_FLAG
                0x00800077        0x1 ./TIMER_program.o
 .bss.TM2OV_INTRRUPT_FLAG
                0x00800078        0x1 ./TIMER_program.o
 .bss.TM2CTC_INTRRUPT_FLAG
                0x00800079        0x1 ./TIMER_program.o
 .bss.counter.2279
                0x0080007a        0x2 ./TIMER_program.o
 .bss.counter.2304
                0x0080007c        0x4 ./TIMER_program.o
 .bss.counter.2330
                0x00800080        0x2 ./TIMER_program.o
 .bss.counter.2341
                0x00800082        0x2 ./TIMER_program.o
 *(COMMON)
                0x00800084                PROVIDE (__bss_end, .)
                0x00001a9a                __data_load_start = LOADADDR (.data)
                0x00001aaa                __data_load_end = (__data_load_start + SIZEOF (.data))

.noinit         0x00800084        0x0
                0x00800084                PROVIDE (__noinit_start, .)
 *(.noinit*)
                0x00800084                PROVIDE (__noinit_end, .)
                0x00800084                _end = .
                0x00800084                PROVIDE (__heap_start, .)

.eeprom         0x00810000        0x0
 *(.eeprom*)
                0x00810000                __eeprom_end = .

.fuse
 *(.fuse)
 *(.lfuse)
 *(.hfuse)
 *(.efuse)

.lock
 *(.lock*)

.signature
 *(.signature*)

.stab           0x00000000     0x1890
 *(.stab)
 .stab          0x00000000      0x450 ./DIO_program.o
 .stab          0x00000450     0x11d0 ./TIMER_program.o
                               0x126c (size before relaxing)
 .stab          0x00001620      0x270 ./main.o
                                0x30c (size before relaxing)

.stabstr        0x00000000      0x87d
 *(.stabstr)
 .stabstr       0x00000000      0x87d ./DIO_program.o

.stab.excl
 *(.stab.excl)

.stab.exclstr
 *(.stab.exclstr)

.stab.index
 *(.stab.index)

.stab.indexstr
 *(.stab.indexstr)

.comment
 *(.comment)

.debug
 *(.debug)

.line
 *(.line)

.debug_srcinfo
 *(.debug_srcinfo)

.debug_sfnames
 *(.debug_sfnames)

.debug_aranges
 *(.debug_aranges)

.debug_pubnames
 *(.debug_pubnames)

.debug_info
 *(.debug_info)
 *(.gnu.linkonce.wi.*)

.debug_abbrev
 *(.debug_abbrev)

.debug_line
 *(.debug_line)

.debug_frame
 *(.debug_frame)

.debug_str
 *(.debug_str)

.debug_loc
 *(.debug_loc)

.debug_macinfo
 *(.debug_macinfo)
OUTPUT(SPRINTS_AVR_TIMER.elf elf32-avr)
LOAD linker stubs
